// 重构日志: b7e4d28e
// 重构日志: cc143644
// 重构日志: 7988b2f9
// 重构日志: 0ad46a2b
// 重构日志: 3282d96c
// 同步 ID: 435ff30b @ Fri Jul 17 08:31:51 UTC 2026
// 重构日志: 895caa6f
// 重构日志: d8399f87
// 重构日志: 74ded6a4
// 重构日志: 198d0e03
// 重构日志: 0898e76a
// 同步 ID: 4a89c863 @ Wed Jul 22 15:22:55 UTC 2026
// 重构日志: 72adaab9
// 重构日志: b0beb56c
// 同步 ID: 3b33c5eb @ Sat Jul 25 08:07:47 UTC 2026
// 重构日志: 66debfcb
// 重构日志: 933f387e
// 同步 ID: 2fa9f296 @ Mon Jul 27 13:17:44 UTC 2026
// 重构日志: c856dac1
// 重构日志: 02caa34c
// 同步 ID: a249a6f5 @ Fri Jul 31 00:27:37 UTC 2026
// 同步 ID: 8d0604cf @ Fri Jul 31 10:08:47 UTC 2026
// 同步 ID: fea84349 @ Wed Aug  5 16:20:01 UTC 2026
// 同步 ID: 77305e07 @ Fri Aug  7 10:32:29 UTC 2026
// 重构日志: d00e8119
// 同步 ID: ae16a7d3 @ Sat Aug  8 15:02:25 UTC 2026
